
> temp-app@0.1.0 dev
> next dev

 ⚠ Port 3000 is in use, trying 3001 instead.
  ▲ Next.js 14.2.3
  - Local:        http://localhost:3001

 ✓ Starting...
 ✓ Ready in 2.6s
 ○ Compiling / ...
 ✓ Compiled / in 35.9s (519 modules)
 ✓ Compiled in 1517ms (249 modules)
 GET / 200 in 77ms
 ✓ Compiled in 3.3s (510 modules)
 ✓ Compiled in 1344ms (510 modules)
 ✓ Compiled in 975ms (510 modules)
 ✓ Compiled in 899ms (510 modules)
<w> [webpack.cache.PackFileCacheStrategy] Caching failed for pack: Error: ENOENT: no such file or directory, rename '/app/.next/cache/webpack/client-development/2.pack.gz_' -> '/app/.next/cache/webpack/client-development/2.pack.gz'
 ✓ Compiled in 840ms (510 modules)
 GET / 200 in 423ms
 ○ Compiling /_not-found ...
 ✓ Compiled /_not-found in 1407ms (499 modules)
 GET /_next/static/css/app/layout.css?v=1775106477858 404 in 1548ms
 GET /_next/static/chunks/app-pages-internals.js 404 in 1539ms
 GET /_next/static/chunks/main-app.js?v=1775106477858 404 in 1540ms
 ✓ Compiled in 2.3s (510 modules)
 ✓ Compiled in 1663ms (510 modules)
 ✓ Compiled in 1011ms (510 modules)
 ✓ Compiled in 1190ms (510 modules)
<w> [webpack.cache.PackFileCacheStrategy] Caching failed for pack: Error: ENOENT: no such file or directory, rename '/app/.next/cache/webpack/client-development/0.pack.gz_' -> '/app/.next/cache/webpack/client-development/0.pack.gz'
 GET / 200 in 161ms
